  [SAME_GROUP] 1 SKU(s) EXEMPT from the group rule (any allowable machine): 1225170015012LSTL0
  [BLD_CT] loaded 414 per-(SKU,machine) CTs for 133 SKUs from last_building_a_ct.xlsx
  [PM_MTC] 70 building + 65 curing downtime windows loaded
  [DOM_INCH] file not found (/Users/anmolsaini/Documents/cbc/data/analysis_aug/machine_inch_dominant_aug.xlsx); using hardcoded dominant inch
  [INCH_HIST_LOCK] loaded allowed-inch sets for 42 machines from bc_config.INCH_HIST_LOCK_SETS (28 FIXED single-inch, 14 FLEXIBLE); ±2 band discontinued
  [INCH18_DEFER] VMI realloc — 7001→{15}, 7003→{16,18}, 6004→{16}, 7002→{14,16} (DB-allowable, no invented pairs)
  [Plant2Day] loaded 272 plant rows, 41 machines, days 1-2 (replay OFF)
  [PlantSetLock] ON — 27 GT machines pinned to their Days-1-2 plant SKU set (sizes: [1, 2, 3])
  [PLANT_INCH_ADMIT] plant-set inches re-admitted: 7003+17, 8501+14
  [Rolling] DELIVERY_PRIORITY ON — 2 committed SKUs (2 dated, 0 end-of-month); EDF order; relax=DATE at-risk

======================================================================
  ROLLING PIPELINE — Pre-computation
======================================================================
  [Rolling] Computing CO schedule …
  [BLD_ALLOW] 134 SKUs from last_building_a_ct.xlsx (rule=ct_present; dropped cols ['6401', '6801'])
  [Rolling] Surplus-release ON — buildable_rate for 133 SKUs (5b guard)
  [BLD_ALLOW] 134 SKUs from last_building_a_ct.xlsx (rule=ct_present; dropped cols ['6401', '6801'])
  [Rolling] early sku_inch for 274 SKUs
  [BLD_ALLOW] 134 SKUs from last_building_a_ct.xlsx (rule=ct_present; dropped cols ['6401', '6801'])
  [Rolling] CO-PLAN: 3 BJ/US locks; building_inch_capacity {'12': 5232, '13': 7833, '14': 4503, '15': 10938, '16': 4242, '17': 2799, '18': 1674}
  [INCH_ONEWAY] 7501: 12"→13" one-way @day 1 (7002 left flexible 14/16)

======================================================================
  B2C Phase 0 Extended — 27-Day Dynamic Curing Consumption and CO plan
======================================================================
  Demand file : BTP_SEPT26_DEMAND_minus_3day_HYBRID.xlsx
  Plan start  : 04-Sep-2026 | Days: 27

  [ETL] Loading demand …
        115 demanded SKUs
  [ETL] Loading cycle times …
  [ETL] Loading running moulds …
[snapshot] requested 2026-09-04 → snapshot 2026-09-04 (356 running-moulds rows)
        179 active press rows
  [ETL] Loading curing allowable machines …
        274 SKUs with allowable presses
  [ETL] Loading eligibility sources …
  [Eligible] 114 SKUs pass | 1 excluded
  [Classify] Runner-In: 52 | Non-Runner-In: 62
  [CT] 114 SKUs | 1 using default 17.0 min
  [Day0] Re-added 1 excluded SKUs with Skip_Reason
  [Day0] Added 3 Runner-Out SKUs | Total rows: 118 (115 demand + 3 non-demand CO candidates)

  [Pass 1] Computing CO schedule …
  [PRESS_STABLE_SINGLESRC] 22 single-source SKUs (<= 1 builder machine(s)) — draw-drain pinned to buildable feed
  [CO Rescue] 28 NRI SKUs without CO — attempting rescue …
  [CO Rescue] Rescued 11 NRI SKUs via spare-press donation | 17 still without CO (no compatible spare press)
  [CO Scheduler] 185 COs used / 459 available (40.3%)
  [CO Scheduler] Peak: Day 1 (17 COs)  |  Zero-CO days: 5

  [Pass 2] Simulating 27 days …

  Day     RI Presses  NRI Presses  Total GT/Shift  Demand Left
  ------------------------------------------------------------
  Day 01         180            0           9,294      698,027
  Day 02         180            0           9,314      670,942
  Day 03         180            0           9,288      643,550
  Day 04         180            0           9,288      617,489
  Day 05         180            0           9,172      591,444
  Day 06         180            0           9,170      565,174
  Day 07         180            0           9,166      539,112
  Day 08         180            0           9,166      513,559
  Day 09         180            0           9,086      488,141
  Day 10         180            0           9,060      462,892
  Day 11         180            0           9,122      437,796
  Day 12         180            0           9,118      412,334
  Day 13         180            0           9,104      386,756
  Day 14         180            0               0      386,756
  Day 15         180            0           9,104      361,572
  Day 16         180            0           9,104      338,421
  Day 17         180            0           9,102      314,383
  Day 18         180            0           9,146      291,531
  Day 19         180            0           9,150      267,968
  Day 20         180            0           9,164      243,536
  Day 21         180            0           9,156      220,189
  Day 22         180            0           9,060      195,537
  Day 23         180            0           9,168      171,182
  Day 24         180            0           9,164      147,312
  Day 25         180            0           9,174      124,670
  Day 26         180            0           9,282      102,554
  Day 27         180            0           9,232       83,924

  [Export] Writing Excel …
  [Export] Saved → /Users/anmolsaini/Documents/cbc/data/output/curing_consumption_27day_2026-09-04.xlsx
  [Export] Sheets: Summary + Day0_Summary + CO_Schedule + 27 day sheets + demand_drawdown + curing_daily_cons
  [Rolling] 185 curing CO events pre-computed
  [BLD_ALLOW] 134 SKUs from last_building_a_ct.xlsx (rule=ct_present; dropped cols ['6401', '6801'])
  [Rolling] Allowable map: 27 machines
  [Rolling] IDLE_PRESS_ACTIVATE ON — 6 roster press(es) absent from Day-0 snapshot to cold-start Day-1 Shift A: ['14802', '15203', '24819', '24821', '4410', '9803']
  [Rolling] Day-0 second-mould top-up: 2 moulds assigned to single-mould presses
  [Rolling] Mould life v2: seeded 179 presses from DB (179 open below 3000 → earlier cleans)
  [Rolling] Demand: collapsed 123 rows → 116 unique SKUs (summed 7 duplicate rows)
  [Rolling] Demand: 116 SKUs, 725,817 units
  [Rolling] BLD_START_FREE: all building machines start free (no Day-0 running SKU, no initial building COs)
  [Rolling] PLANT_2DAY carry-in: derived 41 machine→SKU from end of plant day 2 (plant_2day_schedule.xlsx)
  [Rolling] BLD_ACTUAL_SEED: seeded 40 machines (26 GT + 14 Stage-1) from actual plant production; dropped 0 not-allowable + 1 no-demand
  [Rolling] Pools: 71 SKU slots across 27 machines
  [Rolling] Inch anchors seeded from Day-0 machine state: 40 machines
  [Rolling] INIT_HYBRID: 27 GT anchors (26 kept real running size, 1 re-anchored to demand)
  [Rolling] GROUP_INCH_POLICY: hard single-inch on 3 US machines (0 ongoing diff-CO); BJ+VMI tight JIT margin=250/budget=1; Stage-2 flexible
  [Rolling] S1_SINGLE_INCH: locked 14 Stage-1 machines to one inch ({'6802': '13', '6803': '15', '6909': '12', '6911': '15', '7601': '15', '7701': '15', '7801': '12', '7802': '12', '7803': '15', '7804': '15', '8001': '12', '8002': '12', '8003': '12', '8101': '15'})
  [Rolling] INCH_HIST_LOCK: 18 GT machines FIXED to one historical inch (0 diff-CO), 9 FLEXIBLE to their ranked historical inches; ±2 band discontinued
  [Rolling] BLD_ACTUAL_SEED: seed inch made DOMINANT for 26 GT + 14 Stage-1 machines (historical inches kept in the locked set for later diff-CO)

======================================================================
  ROLLING PIPELINE — Day-by-day simulation
======================================================================
  [Rolling] PLANT HOLIDAYS: day-index [14] → 1 idle day(s); 26 working days; first working day = 1
    [DynCO] Day 1 Shift C: press 24825 1D25115013008QXPC0→1D25215Z13008QXPC0 (slot 10/17)
  [GT-CAP WARN] Day 1: end-of-day GT inventory 8,441 > cap 8,000
  [SAME_GROUP] home groups frozen at day 3: 127/128 GT SKUs pinned to one group (pen=1)
  [SG_DELIB] deliberate group targets frozen at day 3: 128 GT SKUs assigned (97 single-group, 31 minimal-SET) (derate=0.55, band=0.15, cooldown=3d, hard=False)
      [SG_DELIB] minimal-SET: 1325121715115SLTB0  demand=3157  groups=['BJ', 'STAGE2']
      [SG_DELIB] minimal-SET: 1325218514086HURL0  demand=1000  groups=['EXIUM', 'MAXX']
      [SG_DELIB] minimal-SET: 1325220516095HTMX0  demand=4290  groups=['EXIUM', 'PS']
      [SG_DELIB] minimal-SET: 1325221317098VUX10  demand=650  groups=['EXIUM', 'MAXX']
      [SG_DELIB] minimal-SET: 1325216814085STMX0  demand=3257  groups=['EXIUM', 'MAXX']
      [SG_DELIB] minimal-SET: 1325217515084HURL4  demand=6910  groups=['EXIUM', 'MAXX']
      [SG_DELIB] minimal-SET: 1325216614081SUTR0  demand=15237  groups=['EXIUM', 'MAXX']
      [SG_DELIB] minimal-SET: 1325218614088HURL0  demand=1899  groups=['EXIUM', 'MAXX']
      [SG_DELIB] minimal-SET: 1325218615089HURL0  demand=1589  groups=['EXIUM', 'MAXX']
      [SG_DELIB] minimal-SET: 1325119015008SRBT0  demand=8535  groups=['BJ', 'STAGE2']
      [SG_DELIB] minimal-SET: 1325119815106QBRQ0  demand=5981  groups=['BJ', 'STAGE2']
      [SG_DELIB] minimal-SET: 1325217415081HUTR0  demand=738  groups=['EXIUM', 'MAXX']
      [SG_DELIB] minimal-SET: 1325221416095VURL0  demand=17175  groups=['EXIUM', 'PS']
      [SG_DELIB] minimal-SET: 1325223715105SRXT0  demand=3135  groups=['PS', 'STAGE2']
      [SG_DELIB] minimal-SET: 1325223517104HRPG0  demand=1000  groups=['EXIUM', 'MAXX']
      [SG_DELIB] minimal-SET: 1325217514082TUTR0  demand=3577  groups=['EXIUM', 'MAXX']
      [SG_DELIB] minimal-SET: 1325216614081STMX0  demand=12384  groups=['EXIUM', 'MAXX']
      [SG_DELIB] minimal-SET: 1325217613082TUXPE  demand=2865  groups=['BJ', 'PS']
      [SG_DELIB] minimal-SET: 1325221715100SRHT0  demand=13749  groups=['MAXX', 'PS']
      [SG_DELIB] minimal-SET: 1325224517107HRHP0  demand=175  groups=['EXIUM', 'MAXX']
      [SG_DELIB] minimal-SET: 1325123715105SRXT0  demand=2000  groups=['PS', 'STAGE2']
      [SG_DELIB] minimal-SET: 1325219316087VUTR0  demand=6000  groups=['EXIUM', 'PS']
      [SG_DELIB] minimal-SET: 1325123715105SBRT0  demand=6000  groups=['PS', 'STAGE2']
      [SG_DELIB] minimal-SET: 1225170015012LSTL0  demand=54925  groups=['BJ', 'STAGE2']
      [SG_DELIB] minimal-SET: 1325216514079TTMX0  demand=500  groups=['EXIUM', 'MAXX']
      [SG_DELIB] minimal-SET: 1325222417099HURL0  demand=754  groups=['EXIUM', 'MAXX']
      [SG_DELIB] minimal-SET: 1325218515088HTMX0  demand=21943  groups=['EXIUM', 'PS']
      [SG_DELIB] minimal-SET: 1325221417100HURS0  demand=225  groups=['EXIUM', 'MAXX']
      [SG_DELIB] minimal-SET: 1325214813075SUNE1  demand=60588  groups=['BJ', 'PS']
      [SG_DELIB] minimal-SET: 1325218515088HUTR0  demand=4920  groups=['EXIUM', 'MAXX', 'PS']
      [SG_DELIB] minimal-SET: 1325218515088TURL0  demand=3000  groups=['EXIUM', 'MAXX']
  [GT-CAP WARN] Day 3: end-of-day GT inventory 8,194 > cap 8,000
    [DynCO] Day 4 Shift A: press 14810 1325216814085SURL0→1D25215Z13008QXPC0 (slot 1/17)
    [DynCO] Day 4 Shift B: press 4918 1325216614081TVECE→1225170015012LSTL0 (slot 2/17)
    [DynCO] Day 10 Shift B: press 85209 1325223715105SRXT0→1325123715105SRXT0 (slot 6/17)
  [GT-CAP WARN] Day 10: end-of-day GT inventory 8,335 > cap 8,000
    [DynCO] Day 11 Shift B: press 75230 1325220516095HTMX0→1325221416095VURL0 (slot 5/17)
    [DynCO] Day 11 Shift B: press 85215 1325220516095HTMX0→1325221416095VURL0 (slot 6/17)
    [DynCO] Day 11 Shift C: press 14809 1325220516095HTMX0→1325221416095VURL0 (slot 7/17)
  [GT-CAP WARN] Day 11: end-of-day GT inventory 9,528 > cap 8,000
  [GT-CAP WARN] Day 12: end-of-day GT inventory 10,903 > cap 8,000
  [GT-CAP WARN] Day 15: end-of-day GT inventory 9,666 > cap 8,000
  [GT-CAP WARN] Day 16: end-of-day GT inventory 10,460 > cap 8,000
  [GT-CAP WARN] Day 17: end-of-day GT inventory 11,337 > cap 8,000
  [GT-CAP WARN] Day 18: end-of-day GT inventory 12,229 > cap 8,000
  [GT-CAP WARN] Day 19: end-of-day GT inventory 11,934 > cap 8,000
    [DynCO] Day 20 Shift C: press 24808 1325114812074TUHL0→1325215613075TUHL0 (slot 7/17)
  [GT-CAP WARN] Day 20: end-of-day GT inventory 10,425 > cap 8,000
    [DynCO] Day 21 Shift C: press 4414 1325213615099MSXT0→1325215813079TUNE6 (slot 12/17)
  [GT-CAP WARN] Day 21: end-of-day GT inventory 10,078 > cap 8,000
  [GT-CAP WARN] Day 22: end-of-day GT inventory 10,912 > cap 8,000
  [GT-CAP WARN] Day 23: end-of-day GT inventory 11,011 > cap 8,000
    [DynCO] Day 24 Shift A: press 75229 1325218515088HTMX0→1325220515094VTMX0 (slot 8/17)
  [GT-CAP WARN] Day 24: end-of-day GT inventory 10,131 > cap 8,000
  [GT-CAP WARN] Day 25: end-of-day GT inventory 8,806 > cap 8,000
  [GT-CAP WARN] Day 26: end-of-day GT inventory 9,131 > cap 8,000
  [GT-CAP WARN] Day 27: end-of-day GT inventory 9,689 > cap 8,000

======================================================================
  ROLLING PIPELINE — Results
======================================================================
  Total GT built       :    560,069
  Total cured          :    556,160
  Expired GT           :      2,085
  Expired carcass      :        953
  Starvation events    :      2,524
  Curing COs (total)   :        208  (planned 198 + dynamic 10)
  Mould cleans taken   :         38  (events=38, by-minutes=38; clean ON)
  PM/MTC no-overlap    : ON  (curing rows relocated out of maintenance windows; see [PM_MTC] line)
  Mould-blocked COs    :         32  (mould gate ON)
  Mould-retargeted COs :          0  (Phase-2 opt ON)
  CO scorer (ADD) : planned=74 pullfwd=11 retarget=93 dynamic=30 cancelled=7 build_blocked=7
  Demand coverage      :      76.6%  (556,160 / 725,817)
  End-day GT inventory : max 12,229 | mean  8,947 | days>8k 18  (cap ON, fwd-buf ON)

  ── PRIORITY FULFILLMENT (committed-delivery SKUs, EDF order) ──
  SKU                   Demand       Date  Dd CuredByDl  Short  Met Presses EarliestFull
  1325215813079TUNE6     9,576 2026-09-20  17       512  9,064    N       4   2026-09-16
  1D25215013008SXC1T    20,770 2026-09-20  17    15,979  4,791    N       7  2026-09-24*
  → 0/2 committed SKUs fully delivered by their deadline.
  [Rolling] BLD_SEED_PIN_D1A: pinned 14/14 seeded Stage-1 machines' Shift-A carcass to their seed (Day-1 Shift-A only; B/C demand-driven)
  [Stage-1 carcass] STAGE1_CO ON: 107,476 carcass units (+1,357 opening) / 108,833 Stage-2 GT across 14 machines; 56 carcass building COs = 5,040 min (no production during CO).
  [Stage-1 carcass] FEASIBLE: Stage-1 supplies 100% of Stage-2 carcass demand (CO-charged, pre-build within 1-day aging).
  [Stage-1 carcass] EOD carcass buffer: max   500 | mean   383 | cap 500 | days>cap 0
  [Stage-1 carcass] S1_INCH_FLEX: 0 machines advanced inch (one-way): []
  [BLD_ALLOW] 134 SKUs from last_building_a_ct.xlsx (rule=ct_present; dropped cols ['6401', '6801'])
  [Stage-1 carcass] shift-cap enforce: 178 row(s) were over their strict per-shift floor cap (residual rounding artifact) -> re-capped; 563 unit(s) unbuildable that day (dropped, display-only): 2026-09-04=34, 2026-09-05=8, 2026-09-06=6, 2026-09-07=64, 2026-09-08=7, 2026-09-09=66, 2026-09-10=23, 2026-09-11=10, 2026-09-12=63, 2026-09-13=7, 2026-09-14=5, 2026-09-15=7, 2026-09-18=32, 2026-09-19=47, 2026-09-20=7, 2026-09-21=10, 2026-09-22=6, 2026-09-23=24, 2026-09-24=3, 2026-09-25=8, 2026-09-26=7, 2026-09-27=87, 2026-09-28=25, 2026-09-29=3, 2026-09-30=4.
  [Stage-1 carcass] min-qty ≥10: folded 0 sub-10 slice(s) into same-machine-day siblings; dropped 80 unplaceable unit(s) (display-only)
  [PM_MTC] no-overlap: relocated 3 carcass row(s) out of maintenance windows
  [Rolling] Building output → /Users/anmolsaini/Documents/cbc/data/output/variants/bc_building_seedderive.xlsx
  [SYNC] dropped 1,388 GT / 1,388 cured to match displayed carcass (GT/carcass/cured now in sync). New cured 554,772 / coverage 76.4%.
  [PM_MTC] no-overlap: relocated 100 curing row(s) out of maintenance windows
  [Rolling] Curing output  → /Users/anmolsaini/Documents/cbc/data/output/variants/bc_curing_seedderive.xlsx
RESULT seedderive built=558681 cured=554772 cov=76.43 cos=208 starv=2524
