  [SAME_GROUP] 1 SKU(s) EXEMPT from the group rule (any allowable machine): 1225170015012LSTL0
  [BLD_CT] loaded 414 per-(SKU,machine) CTs for 133 SKUs from last_building_a_ct.xlsx
  [PM_MTC] 70 building + 65 curing downtime windows loaded
  [DOM_INCH] file not found (/Users/anmolsaini/Documents/cbc/data/analysis_aug/machine_inch_dominant_aug.xlsx); using hardcoded dominant inch
  [INCH_HIST_LOCK] loaded allowed-inch sets for 42 machines from bc_config.INCH_HIST_LOCK_SETS (28 FIXED single-inch, 14 FLEXIBLE); ±2 band discontinued
  [INCH18_DEFER] VMI realloc — 7001→{15}, 7003→{16,18}, 6004→{16}, 7002→{14,16} (DB-allowable, no invented pairs)
  [Rolling] DELIVERY_PRIORITY ON — 2 committed SKUs (2 dated, 0 end-of-month); EDF order; relax=DATE at-risk

======================================================================
  ROLLING PIPELINE — Pre-computation
======================================================================
  [Rolling] Computing CO schedule …
  [BLD_ALLOW] 134 SKUs from last_building_a_ct.xlsx (rule=ct_present; dropped cols ['6401', '6801'])
  [Rolling] Surplus-release ON — buildable_rate for 133 SKUs (5b guard)
  [BLD_ALLOW] 134 SKUs from last_building_a_ct.xlsx (rule=ct_present; dropped cols ['6401', '6801'])
  [Rolling] early sku_inch for 274 SKUs
  [BLD_ALLOW] 134 SKUs from last_building_a_ct.xlsx (rule=ct_present; dropped cols ['6401', '6801'])
  [Rolling] CO-PLAN: 3 BJ/US locks; building_inch_capacity {'12': 5232, '13': 7833, '14': 4503, '15': 10938, '16': 4242, '17': 2799, '18': 1674}
  [INCH_ONEWAY] 7501: 12"→13" one-way @day 1 (7002 left flexible 14/16)

======================================================================
  B2C Phase 0 Extended — 27-Day Dynamic Curing Consumption and CO plan
======================================================================
  Demand file : BTP_SEPT26_DEMAND_minus_3day_prod.xlsx
  Plan start  : 04-Sep-2026 | Days: 27

  [ETL] Loading demand …
        115 demanded SKUs
  [ETL] Loading cycle times …
  [ETL] Loading running moulds …
[snapshot] requested 2026-09-04 → snapshot 2026-09-04 (356 running-moulds rows)
        179 active press rows
  [ETL] Loading curing allowable machines …
        274 SKUs with allowable presses
  [ETL] Loading eligibility sources …
  [Eligible] 114 SKUs pass | 1 excluded
  [Classify] Runner-In: 52 | Non-Runner-In: 62
  [CT] 114 SKUs | 1 using default 17.0 min
  [Day0] Re-added 1 excluded SKUs with Skip_Reason
  [Day0] Added 3 Runner-Out SKUs | Total rows: 118 (115 demand + 3 non-demand CO candidates)

  [Pass 1] Computing CO schedule …
  [PRESS_STABLE_SINGLESRC] 22 single-source SKUs (<= 1 builder machine(s)) — draw-drain pinned to buildable feed
  [CO Rescue] 31 NRI SKUs without CO — attempting rescue …
  [CO Rescue] Rescued 12 NRI SKUs via spare-press donation | 19 still without CO (no compatible spare press)
  [CO Scheduler] 189 COs used / 459 available (41.2%)
  [CO Scheduler] Peak: Day 1 (17 COs)  |  Zero-CO days: 5

  [Pass 2] Simulating 27 days …

  Day     RI Presses  NRI Presses  Total GT/Shift  Demand Left
  ------------------------------------------------------------
  Day 01         179            0           9,216      698,515
  Day 02         180            0           9,276      671,546
  Day 03         180            0           9,250      644,228
  Day 04         180            0           9,250      618,101
  Day 05         180            0           9,154      591,931
  Day 06         180            0           9,152      565,536
  Day 07         180            0           9,168      539,288
  Day 08         180            0           9,168      513,550
  Day 09         180            0           9,138      487,796
  Day 10         180            0           9,146      462,083
  Day 11         180            0           9,188      436,511
  Day 12         180            0           9,162      410,641
  Day 13         180            0           9,160      384,715
  Day 14         180            0               0      384,715
  Day 15         180            0           9,160      359,185
  Day 16         180            0           9,160      335,688
  Day 17         180            0           9,144      311,314
  Day 18         180            0           9,144      288,266
  Day 19         180            0           9,070      264,649
  Day 20         180            0           9,128      240,267
  Day 21         180            0           9,120      217,276
  Day 22         180            0           8,984      193,074
  Day 23         180            0           8,896      169,355
  Day 24         180            0           8,854      147,748
  Day 25         180            0           8,988      124,772
  Day 26         180            0           9,052      101,957
  Day 27         180            0           9,112       83,891

  [Export] Writing Excel …
  [Export] Saved → /Users/anmolsaini/Documents/cbc/data/output/curing_consumption_27day_2026-09-04.xlsx
  [Export] Sheets: Summary + Day0_Summary + CO_Schedule + 27 day sheets + demand_drawdown + curing_daily_cons
  [Rolling] 189 curing CO events pre-computed
  [BLD_ALLOW] 134 SKUs from last_building_a_ct.xlsx (rule=ct_present; dropped cols ['6401', '6801'])
  [Rolling] Allowable map: 27 machines
  [Rolling] IDLE_PRESS_ACTIVATE ON — 6 roster press(es) absent from Day-0 snapshot to cold-start Day-1 Shift A: ['14802', '15203', '24819', '24821', '4410', '9803']
  [Rolling] Day-0 second-mould top-up: 2 moulds assigned to single-mould presses
  [Rolling] Mould life v2: seeded 179 presses from DB (179 open below 3000 → earlier cleans)
  [Rolling] Demand: collapsed 123 rows → 116 unique SKUs (summed 7 duplicate rows)
  [Rolling] Demand: 116 SKUs, 726,070 units
  [Rolling] BLD_START_FREE: all building machines start free (no Day-0 running SKU, no initial building COs)
  [Rolling] Pools: 68 SKU slots across 27 machines
  [Rolling] INIT_HYBRID: 27 GT anchors (26 kept real running size, 1 re-anchored to demand)
  [Rolling] GROUP_INCH_POLICY: hard single-inch on 3 US machines (0 ongoing diff-CO); BJ+VMI tight JIT margin=250/budget=1; Stage-2 flexible
  [Rolling] S1_SINGLE_INCH: locked 14 Stage-1 machines to one inch ({'6802': '13', '6803': '15', '6909': '12', '6911': '15', '7601': '15', '7701': '15', '7801': '12', '7802': '12', '7803': '15', '7804': '15', '8001': '12', '8002': '12', '8003': '12', '8101': '15'})
  [Rolling] INCH_HIST_LOCK: 19 GT machines FIXED to one historical inch (0 diff-CO), 8 FLEXIBLE to their ranked historical inches; ±2 band discontinued

======================================================================
  ROLLING PIPELINE — Day-by-day simulation
======================================================================
  [Rolling] PLANT HOLIDAYS: day-index [14] → 1 idle day(s); 26 working days; first working day = 1
  [Plant2Day] loaded 272 plant rows, 41 machines, days 1-2 (replay OFF)
  [PlantSetLock] ON — 27 GT machines pinned to their Days-1-2 plant SKU set (sizes: [1, 2, 3])
    [DynCO] Day 1 Shift C: press 24825 1D25115013008QXPC0→1D25215Z13008QXPC0 (slot 9/17)
    [DynCO] Day 1 Shift C: press 9411 1325217514082HVECL→1325215813079TUNE6 (slot 10/17)
  [GT-CAP WARN] Day 1: end-of-day GT inventory 10,394 > cap 8,000
  [GT-CAP WARN] Day 2: end-of-day GT inventory 11,598 > cap 8,000
  [SAME_GROUP] home groups frozen at day 3: 121/122 GT SKUs pinned to one group (pen=1)
  [SG_DELIB] deliberate group targets frozen at day 3: 122 GT SKUs assigned (96 single-group, 26 minimal-SET) (derate=0.55, band=0.15, cooldown=3d, hard=False)
      [SG_DELIB] minimal-SET: 1325121715115SLTB0  demand=3257  groups=['BJ', 'STAGE2']
      [SG_DELIB] minimal-SET: 1325218514086HURL0  demand=1000  groups=['EXIUM', 'MAXX']
      [SG_DELIB] minimal-SET: 1325220516095HTMX0  demand=4296  groups=['EXIUM', 'PS']
      [SG_DELIB] minimal-SET: 1325216814085STMX0  demand=3256  groups=['EXIUM', 'MAXX']
      [SG_DELIB] minimal-SET: 1325217515084HURL4  demand=7142  groups=['EXIUM', 'MAXX']
      [SG_DELIB] minimal-SET: 1325216614081SUTR0  demand=15237  groups=['EXIUM', 'MAXX']
      [SG_DELIB] minimal-SET: 1325218614088HURL0  demand=2018  groups=['EXIUM', 'MAXX']
      [SG_DELIB] minimal-SET: 1325218615089HURL0  demand=1589  groups=['EXIUM', 'MAXX']
      [SG_DELIB] minimal-SET: 1325119015008SRBT0  demand=8496  groups=['BJ', 'STAGE2']
      [SG_DELIB] minimal-SET: 1325119815106QBRQ0  demand=5980  groups=['BJ', 'STAGE2']
      [SG_DELIB] minimal-SET: 1325217415081HUTR0  demand=862  groups=['EXIUM', 'MAXX']
      [SG_DELIB] minimal-SET: 1325221416095VURL0  demand=17076  groups=['EXIUM', 'PS']
      [SG_DELIB] minimal-SET: 1325223715105SRXT0  demand=3091  groups=['PS', 'STAGE2']
      [SG_DELIB] minimal-SET: 1325217514082TUTR0  demand=3577  groups=['EXIUM', 'MAXX']
      [SG_DELIB] minimal-SET: 1325216614081STMX0  demand=12373  groups=['EXIUM', 'MAXX']
      [SG_DELIB] minimal-SET: 1325217613082TUXPE  demand=2865  groups=['BJ', 'PS']
      [SG_DELIB] minimal-SET: 1325221715100SRHT0  demand=13923  groups=['MAXX', 'PS']
      [SG_DELIB] minimal-SET: 1325123715105SRXT0  demand=2000  groups=['PS', 'STAGE2']
      [SG_DELIB] minimal-SET: 1325219316087VUTR0  demand=5998  groups=['EXIUM', 'PS']
      [SG_DELIB] minimal-SET: 1325123715105SBRT0  demand=6000  groups=['PS', 'STAGE2']
      [SG_DELIB] minimal-SET: 1225170015012LSTL0  demand=54921  groups=['BJ', 'STAGE2']
      [SG_DELIB] minimal-SET: 1325216514079TTMX0  demand=500  groups=['EXIUM', 'MAXX']
      [SG_DELIB] minimal-SET: 1325218515088HTMX0  demand=21829  groups=['EXIUM', 'PS']
      [SG_DELIB] minimal-SET: 1325214813075SUNE1  demand=60470  groups=['BJ', 'PS']
      [SG_DELIB] minimal-SET: 1325218515088HUTR0  demand=4920  groups=['EXIUM', 'MAXX', 'PS']
      [SG_DELIB] minimal-SET: 1325218515088TURL0  demand=3000  groups=['EXIUM', 'MAXX']
  [GT-CAP WARN] Day 3: end-of-day GT inventory 11,543 > cap 8,000
    [DynCO] Day 4 Shift A: press 14810 1325216814085SURL0→1D25215Z13008QXPC0 (slot 2/17)
    [DynCO] Day 4 Shift A: press 85208 1325216814085SURL0→1325225518111HRHB0 (slot 3/17)
  [GT-CAP WARN] Day 4: end-of-day GT inventory 12,044 > cap 8,000
  [GT-CAP WARN] Day 5: end-of-day GT inventory 11,797 > cap 8,000
  [GT-CAP WARN] Day 6: end-of-day GT inventory 11,747 > cap 8,000
  [GT-CAP WARN] Day 7: end-of-day GT inventory 12,264 > cap 8,000
    [DynCO] Day 8 Shift B: press 75218 1325218614088HURL0→1325221416095VURL0 (slot 1/17)
  [GT-CAP WARN] Day 8: end-of-day GT inventory 12,188 > cap 8,000
  [GT-CAP WARN] Day 9: end-of-day GT inventory 11,413 > cap 8,000
  [GT-CAP WARN] Day 10: end-of-day GT inventory 10,928 > cap 8,000
    [DynCO] Day 11 Shift C: press 9802 1325216814085STMX0→1325217514082TTMX0 (slot 5/17)
    [DynCO] Day 11 Shift C: press 9804 1325216814085STMX0→1325217514082TTMX0 (slot 6/17)
  [GT-CAP WARN] Day 11: end-of-day GT inventory 11,612 > cap 8,000
  [GT-CAP WARN] Day 12: end-of-day GT inventory 11,433 > cap 8,000
  [GT-CAP WARN] Day 15: end-of-day GT inventory 9,341 > cap 8,000
    [DynCO] Day 16 Shift A: press 75225 1325221417100HURL1→1325221417100HURS0 (slot 4/17)
    [DynCO] Day 16 Shift A: press 75228 1325221417100HURL1→1325222318102VRHE1 (slot 5/17)
    [DynCO] Day 16 Shift A: press 85207 1325221417100HURL1→1325222318102VRHE1 (slot 6/17)
  [GT-CAP WARN] Day 16: end-of-day GT inventory 10,062 > cap 8,000
    [DynCO] Day 17 Shift B: press 14811 1325221715100SRXT0→1325222318102VRHE1 (slot 6/17)
  [GT-CAP WARN] Day 17: end-of-day GT inventory 11,528 > cap 8,000
  [GT-CAP WARN] Day 18: end-of-day GT inventory 11,451 > cap 8,000
  [GT-CAP WARN] Day 19: end-of-day GT inventory 11,687 > cap 8,000
  [GT-CAP WARN] Day 20: end-of-day GT inventory 11,812 > cap 8,000
  [GT-CAP WARN] Day 21: end-of-day GT inventory 11,345 > cap 8,000
    [DynCO] Day 22 Shift B: press 75203 1D25215013008SXC1T→1225221716010SXC10 (slot 12/17)
    [DynCO] Day 22 Shift B: press 75207 1D25215013008SXC1T→1225221716010SXC10 (slot 13/17)
    [DynCO] Day 22 Shift C: press 15201 1D25215013008SXC1T→1225221716010SXC10 (slot 14/17)
  [GT-CAP WARN] Day 22: end-of-day GT inventory 11,584 > cap 8,000
  [GT-CAP WARN] Day 23: end-of-day GT inventory 10,266 > cap 8,000
  [GT-CAP WARN] Day 24: end-of-day GT inventory 10,599 > cap 8,000
  [GT-CAP WARN] Day 25: end-of-day GT inventory 9,438 > cap 8,000
  [GT-CAP WARN] Day 26: end-of-day GT inventory 9,228 > cap 8,000
  [GT-CAP WARN] Day 27: end-of-day GT inventory 8,416 > cap 8,000

======================================================================
  ROLLING PIPELINE — Results
======================================================================
  Total GT built       :    557,091
  Total cured          :    555,500
  Expired GT           :      1,041
  Expired carcass      :      3,981
  Starvation events    :      2,535
  Curing COs (total)   :        208  (planned 194 + dynamic 14)
  Mould cleans taken   :         35  (events=35, by-minutes=34; clean ON)
  PM/MTC no-overlap    : ON  (curing rows relocated out of maintenance windows; see [PM_MTC] line)
  Mould-blocked COs    :         45  (mould gate ON)
  Mould-retargeted COs :          0  (Phase-2 opt ON)
  CO scorer (ADD) : planned=73 pullfwd=16 retarget=89 dynamic=30 cancelled=11 build_blocked=0
  Demand coverage      :      76.5%  (555,500 / 726,070)
  End-day GT inventory : max 12,264 | mean 10,633 | days>8k 25  (cap ON, fwd-buf ON)

  ── PRIORITY FULFILLMENT (committed-delivery SKUs, EDF order) ──
  SKU                   Demand       Date  Dd CuredByDl  Short  Met Presses EarliestFull
  1325215813079TUNE6     9,576 2026-09-20  17       123  9,453    N       4   2026-09-16
  1D25215013008SXC1T    20,769 2026-09-20  17    16,216  4,553    N       7  2026-09-24*
  → 0/2 committed SKUs fully delivered by their deadline.
  [Stage-1 carcass] STAGE1_CO ON: 111,710 carcass units (+1,357 opening) / 113,067 Stage-2 GT across 14 machines; 103 carcass building COs = 9,270 min (no production during CO).
  [Stage-1 carcass] FEASIBLE: Stage-1 supplies 100% of Stage-2 carcass demand (CO-charged, pre-build within 1-day aging).
  [Stage-1 carcass] EOD carcass buffer: max   500 | mean   410 | cap 500 | days>cap 0
  [Stage-1 carcass] S1_INCH_FLEX: 0 machines advanced inch (one-way): []
  [BLD_ALLOW] 134 SKUs from last_building_a_ct.xlsx (rule=ct_present; dropped cols ['6401', '6801'])
  [Stage-1 carcass] shift-cap enforce: 198 row(s) were over their strict per-shift floor cap (residual rounding artifact) -> re-capped; 565 unit(s) unbuildable that day (dropped, display-only): 2026-09-04=77, 2026-09-05=5, 2026-09-06=3, 2026-09-07=46, 2026-09-08=4, 2026-09-09=8, 2026-09-10=72, 2026-09-11=22, 2026-09-12=57, 2026-09-13=8, 2026-09-14=10, 2026-09-15=13, 2026-09-16=17, 2026-09-18=9, 2026-09-19=67, 2026-09-20=59, 2026-09-21=6, 2026-09-22=14, 2026-09-23=6, 2026-09-24=6, 2026-09-25=10, 2026-09-26=7, 2026-09-27=4, 2026-09-28=27, 2026-09-29=4, 2026-09-30=4.
  [Stage-1 carcass] min-qty ≥10: folded 1 sub-10 slice(s) into same-machine-day siblings; dropped 112 unplaceable unit(s) (display-only)
  [PM_MTC] no-overlap: relocated 2 carcass row(s) out of maintenance windows
  [Rolling] Building output → /Users/anmolsaini/Documents/cbc/data/output/variants/bc_building_seedoff.xlsx
  [SYNC] dropped 1,921 GT / 1,921 cured to match displayed carcass (GT/carcass/cured now in sync). New cured 553,579 / coverage 76.2%.
  [PM_MTC] no-overlap: relocated 89 curing row(s) out of maintenance windows
  [Rolling] Curing output  → /Users/anmolsaini/Documents/cbc/data/output/variants/bc_curing_seedoff.xlsx
RESULT seedoff built=555170 cured=553579 cov=76.24 cos=208 starv=2535
