  [SAME_GROUP] 1 SKU(s) EXEMPT from the group rule (any allowable machine): 1225170015012LSTL0
  [BLD_CT] loaded 414 per-(SKU,machine) CTs for 133 SKUs from last_building_a_ct.xlsx
  [PM_MTC] 70 building + 65 curing downtime windows loaded
  [DOM_INCH] file not found (/Users/anmolsaini/Documents/cbc/data/analysis_aug/machine_inch_dominant_aug.xlsx); using hardcoded dominant inch
  [INCH_HIST_LOCK] loaded allowed-inch sets for 42 machines from bc_config.INCH_HIST_LOCK_SETS (28 FIXED single-inch, 14 FLEXIBLE); ±2 band discontinued
  [INCH18_DEFER] VMI realloc — 7001→{15}, 7003→{16,18}, 6004→{16}, 7002→{14,16} (DB-allowable, no invented pairs)
  [Rolling] DELIVERY_PRIORITY ON — 2 committed SKUs (2 dated, 0 end-of-month); EDF order; relax=DATE at-risk

======================================================================
  ROLLING PIPELINE — Pre-computation
======================================================================
  [Rolling] Computing CO schedule …
  [BLD_ALLOW] 134 SKUs from last_building_a_ct.xlsx (rule=ct_present; dropped cols ['6401', '6801'])
  [Rolling] Surplus-release ON — buildable_rate for 133 SKUs (5b guard)
  [BLD_ALLOW] 134 SKUs from last_building_a_ct.xlsx (rule=ct_present; dropped cols ['6401', '6801'])
  [Rolling] early sku_inch for 274 SKUs
  [BLD_ALLOW] 134 SKUs from last_building_a_ct.xlsx (rule=ct_present; dropped cols ['6401', '6801'])
  [Rolling] CO-PLAN: 3 BJ/US locks; building_inch_capacity {'12': 5232, '13': 7833, '14': 4503, '15': 10938, '16': 4242, '17': 2799, '18': 1674}
  [INCH_ONEWAY] 7501: 12"→13" one-way @day 1 (7002 left flexible 14/16)

======================================================================
  B2C Phase 0 Extended — 27-Day Dynamic Curing Consumption and CO plan
======================================================================
  Demand file : BTP_SEPT26_DEMAND_minus_3day_prod.xlsx
  Plan start  : 04-Sep-2026 | Days: 27

  [ETL] Loading demand …
        115 demanded SKUs
  [ETL] Loading cycle times …
  [ETL] Loading running moulds …
[snapshot] requested 2026-09-03 → snapshot 2026-09-03 (361 running-moulds rows)
        181 active press rows
  [ETL] Loading curing allowable machines …
        274 SKUs with allowable presses
  [ETL] Loading eligibility sources …
  [Eligible] 114 SKUs pass | 1 excluded
  [Classify] Runner-In: 54 | Non-Runner-In: 60
  [CT] 114 SKUs | 1 using default 17.0 min
  [Day0] Re-added 1 excluded SKUs with Skip_Reason
  [Day0] Added 4 Runner-Out SKUs | Total rows: 119 (115 demand + 4 non-demand CO candidates)

  [Pass 1] Computing CO schedule …
  [PRESS_STABLE_SINGLESRC] 22 single-source SKUs (<= 1 builder machine(s)) — draw-drain pinned to buildable feed
  [CO Rescue] 27 NRI SKUs without CO — attempting rescue …
  [CO Rescue] Rescued 9 NRI SKUs via spare-press donation | 18 still without CO (no compatible spare press)
  [CO Scheduler] 192 COs used / 459 available (41.8%)
  [CO Scheduler] Peak: Day 25 (17 COs)  |  Zero-CO days: 4

  [Pass 2] Simulating 27 days …

  Day     RI Presses  NRI Presses  Total GT/Shift  Demand Left
  ------------------------------------------------------------
  Day 01         181            0           9,334      698,343
  Day 02         181            0           9,336      671,194
  Day 03         181            0           9,330      643,671
  Day 04         181            0           9,330      617,400
  Day 05         181            0           9,234      590,952
  Day 06         181            0           9,232      564,044
  Day 07         181            0           9,248      537,194
  Day 08         181            0           9,248      510,754
  Day 09         181            0           9,218      484,558
  Day 10         181            0           9,216      458,173
  Day 11         181            0           9,258      432,021
  Day 12         181            0           9,210      405,705
  Day 13         181            0           9,186      379,547
  Day 14         181            0               0      379,547
  Day 15         181            0           9,196      353,633
  Day 16         181            0           9,196      329,526
  Day 17         181            0           9,192      304,494
  Day 18         181            0           9,160      280,266
  Day 19         181            0           9,124      256,413
  Day 20         181            0           9,146      231,446
  Day 21         181            0           9,130      207,406
  Day 22         181            0           8,890      182,809
  Day 23         181            0           8,980      158,748
  Day 24         181            0           9,006      136,089
  Day 25         181            0           8,964      113,213
  Day 26         181            0           8,894       90,337
  Day 27         181            0           8,850       73,383

  [Export] Writing Excel …
  [Export] Saved → /Users/anmolsaini/Documents/cbc/data/output/curing_consumption_27day_2026-09-04.xlsx
  [Export] Sheets: Summary + Day0_Summary + CO_Schedule + 27 day sheets + demand_drawdown + curing_daily_cons
  [Rolling] 192 curing CO events pre-computed
  [BLD_ALLOW] 134 SKUs from last_building_a_ct.xlsx (rule=ct_present; dropped cols ['6401', '6801'])
  [Rolling] Allowable map: 27 machines
  [Rolling] IDLE_PRESS_ACTIVATE ON — 4 roster press(es) absent from Day-0 snapshot to cold-start Day-1 Shift A: ['14802', '24819', '4410', '9803']
  [Rolling] Day-0 second-mould top-up: 1 moulds assigned to single-mould presses
  [Rolling] Mould life v2: seeded 181 presses from DB (181 open below 3000 → earlier cleans)
  [Rolling] Demand: collapsed 123 rows → 116 unique SKUs (summed 7 duplicate rows)
  [Rolling] Demand: 116 SKUs, 726,070 units
  [Rolling] BLD_START_FREE: all building machines start free (no Day-0 running SKU, no initial building COs)
[midmonth-seed] 36 machines from day4_seed_end_of_3sep.xlsx
  [Rolling] BLD_ACTUAL_SEED: seeded 36 machines (26 GT + 10 Stage-1) from actual plant production; dropped 0 not-allowable + 0 no-demand
  [Rolling] Pools: 68 SKU slots across 27 machines
  [Rolling] Inch anchors seeded from Day-0 machine state: 36 machines
  [Rolling] INIT_HYBRID: 27 GT anchors (26 kept real running size, 1 re-anchored to demand)
  [Rolling] GROUP_INCH_POLICY: hard single-inch on 3 US machines (0 ongoing diff-CO); BJ+VMI tight JIT margin=250/budget=1; Stage-2 flexible
  [Rolling] S1_SINGLE_INCH: locked 14 Stage-1 machines to one inch ({'6802': '13', '6803': '15', '6909': '12', '6911': '15', '7601': '15', '7701': '15', '7801': '12', '7802': '12', '7803': '15', '7804': '15', '8001': '12', '8002': '12', '8003': '12', '8101': '15'})
  [Rolling] INCH_HIST_LOCK: 19 GT machines FIXED to one historical inch (0 diff-CO), 8 FLEXIBLE to their ranked historical inches; ±2 band discontinued
  [Rolling] BLD_ACTUAL_SEED: seed inch made DOMINANT for 26 GT + 10 Stage-1 machines (historical inches kept in the locked set for later diff-CO)

======================================================================
  ROLLING PIPELINE — Day-by-day simulation
======================================================================
  [Rolling] PLANT HOLIDAYS: day-index [14] → 1 idle day(s); 26 working days; first working day = 1
  [Plant2Day] loaded 272 plant rows, 41 machines, days 1-2 (replay OFF)
  [PlantSetLock] ON — 27 GT machines pinned to their Days-1-2 plant SKU set (sizes: [1, 2, 3])
    [DynCO] Day 1 Shift B: press 24825 1D25115013008QXPC0→1D25215Z13008QXPC0 (slot 9/17)
    [DynCO] Day 1 Shift C: press 9411 1325217514082HVECL→1225170015012LSTL0 (slot 10/17)
  [GT-CAP WARN] Day 1: end-of-day GT inventory 8,865 > cap 8,000
    [DynCO] Day 2 Shift B: press 75227 1325220316091VURL1→1325221715100SRHT0 (slot 14/17)
    [DynCO] Day 2 Shift C: press 75201 1325220316091VURL1→1325218515088HTMX0 (slot 15/17)
    [DynCO] Day 2 Shift C: press 75223 1325220316091VURL1→1325218515088HTMX0 (slot 16/17)
  [GT-CAP WARN] Day 2: end-of-day GT inventory 9,926 > cap 8,000
  [SAME_GROUP] home groups frozen at day 3: 121/122 GT SKUs pinned to one group (pen=1)
  [SG_DELIB] deliberate group targets frozen at day 3: 122 GT SKUs assigned (96 single-group, 26 minimal-SET) (derate=0.55, band=0.15, cooldown=3d, hard=False)
      [SG_DELIB] minimal-SET: 1325121715115SLTB0  demand=3133  groups=['BJ', 'STAGE2']
      [SG_DELIB] minimal-SET: 1325218514086HURL0  demand=1000  groups=['EXIUM', 'MAXX']
      [SG_DELIB] minimal-SET: 1325220516095HTMX0  demand=4464  groups=['EXIUM', 'PS']
      [SG_DELIB] minimal-SET: 1325216814085STMX0  demand=3326  groups=['EXIUM', 'MAXX']
      [SG_DELIB] minimal-SET: 1325217515084HURL4  demand=7002  groups=['EXIUM', 'MAXX']
      [SG_DELIB] minimal-SET: 1325216614081SUTR0  demand=15273  groups=['EXIUM', 'MAXX']
      [SG_DELIB] minimal-SET: 1325218614088HURL0  demand=2138  groups=['EXIUM', 'MAXX']
      [SG_DELIB] minimal-SET: 1325218615089HURL0  demand=1589  groups=['EXIUM', 'MAXX']
      [SG_DELIB] minimal-SET: 1325119015008SRBT0  demand=8511  groups=['BJ', 'STAGE2']
      [SG_DELIB] minimal-SET: 1325119815106QBRQ0  demand=5963  groups=['BJ', 'STAGE2']
      [SG_DELIB] minimal-SET: 1325217415081HUTR0  demand=704  groups=['EXIUM', 'MAXX']
      [SG_DELIB] minimal-SET: 1325221416095VURL0  demand=17184  groups=['EXIUM', 'PS']
      [SG_DELIB] minimal-SET: 1325223715105SRXT0  demand=3225  groups=['PS', 'STAGE2']
      [SG_DELIB] minimal-SET: 1325217514082TUTR0  demand=3453  groups=['EXIUM', 'MAXX']
      [SG_DELIB] minimal-SET: 1325216614081STMX0  demand=12258  groups=['EXIUM', 'MAXX']
      [SG_DELIB] minimal-SET: 1325217613082TUXPE  demand=2931  groups=['BJ', 'PS']
      [SG_DELIB] minimal-SET: 1325221715100SRHT0  demand=13709  groups=['MAXX', 'PS']
      [SG_DELIB] minimal-SET: 1325123715105SRXT0  demand=2000  groups=['PS', 'STAGE2']
      [SG_DELIB] minimal-SET: 1325219316087VUTR0  demand=5998  groups=['EXIUM', 'PS']
      [SG_DELIB] minimal-SET: 1325123715105SBRT0  demand=6000  groups=['PS', 'STAGE2']
      [SG_DELIB] minimal-SET: 1225170015012LSTL0  demand=55096  groups=['BJ', 'STAGE2']
      [SG_DELIB] minimal-SET: 1325216514079TTMX0  demand=500  groups=['EXIUM', 'MAXX']
      [SG_DELIB] minimal-SET: 1325218515088HTMX0  demand=21859  groups=['EXIUM', 'PS']
      [SG_DELIB] minimal-SET: 1325214813075SUNE1  demand=61166  groups=['BJ', 'PS']
      [SG_DELIB] minimal-SET: 1325218515088HUTR0  demand=4920  groups=['EXIUM', 'MAXX', 'PS']
      [SG_DELIB] minimal-SET: 1325218515088TURL0  demand=3000  groups=['EXIUM', 'MAXX']
  [GT-CAP WARN] Day 3: end-of-day GT inventory 9,472 > cap 8,000
    [DynCO] Day 4 Shift A: press 85208 1325216814085SURL0→1325225518111HRHB0 (slot 2/17)
    [DynCO] Day 4 Shift B: press 14810 1325216814085SURL0→1D25215Z13008QXPC0 (slot 3/17)
  [GT-CAP WARN] Day 4: end-of-day GT inventory 10,102 > cap 8,000
  [GT-CAP WARN] Day 5: end-of-day GT inventory 9,970 > cap 8,000
  [GT-CAP WARN] Day 6: end-of-day GT inventory 11,042 > cap 8,000
  [GT-CAP WARN] Day 7: end-of-day GT inventory 11,011 > cap 8,000
    [DynCO] Day 8 Shift A: press 9002 1325218415084TUTR0→1325215813079TUNE6 (slot 1/17)
    [DynCO] Day 8 Shift C: press 75218 1325218614088HURL0→1325221416095VURL0 (slot 2/17)
  [GT-CAP WARN] Day 8: end-of-day GT inventory 11,425 > cap 8,000
  [GT-CAP WARN] Day 9: end-of-day GT inventory 10,110 > cap 8,000
  [GT-CAP WARN] Day 10: end-of-day GT inventory 10,907 > cap 8,000
    [DynCO] Day 11 Shift C: press 9802 1325216814085STMX0→1325217514082TTMX0 (slot 5/17)
    [DynCO] Day 11 Shift C: press 9804 1325216814085STMX0→1325217514082TTMX0 (slot 6/17)
  [GT-CAP WARN] Day 11: end-of-day GT inventory 11,344 > cap 8,000
  [GT-CAP WARN] Day 12: end-of-day GT inventory 10,774 > cap 8,000
  [GT-CAP WARN] Day 15: end-of-day GT inventory 9,469 > cap 8,000
  [GT-CAP WARN] Day 16: end-of-day GT inventory 11,695 > cap 8,000
  [GT-CAP WARN] Day 17: end-of-day GT inventory 11,982 > cap 8,000
  [GT-CAP WARN] Day 18: end-of-day GT inventory 11,154 > cap 8,000
  [GT-CAP WARN] Day 19: end-of-day GT inventory 11,902 > cap 8,000
    [DynCO] Day 20 Shift B: press 24808 1325114812074TUHL0→1325219316087VURL0 (slot 10/17)
    [DynCO] Day 20 Shift B: press 24809 1325114812074TUHL0→1325219316087VURL0 (slot 11/17)
  [GT-CAP WARN] Day 20: end-of-day GT inventory 12,020 > cap 8,000
  [GT-CAP WARN] Day 21: end-of-day GT inventory 11,878 > cap 8,000
  [GT-CAP WARN] Day 22: end-of-day GT inventory 12,306 > cap 8,000
  [GT-CAP WARN] Day 23: end-of-day GT inventory 12,118 > cap 8,000
  [GT-CAP WARN] Day 24: end-of-day GT inventory 11,263 > cap 8,000
  [GT-CAP WARN] Day 25: end-of-day GT inventory 11,500 > cap 8,000
  [GT-CAP WARN] Day 26: end-of-day GT inventory 8,897 > cap 8,000
  [GT-CAP WARN] Day 27: end-of-day GT inventory 8,772 > cap 8,000

======================================================================
  ROLLING PIPELINE — Results
======================================================================
  Total GT built       :    557,710
  Total cured          :    552,347
  Expired GT           :      2,608
  Expired carcass      :      1,278
  Starvation events    :      2,428
  Curing COs (total)   :        224  (planned 211 + dynamic 13)
  Mould cleans taken   :         34  (events=34, by-minutes=34; clean ON)
  PM/MTC no-overlap    : ON  (curing rows relocated out of maintenance windows; see [PM_MTC] line)
  Mould-blocked COs    :         48  (mould gate ON)
  Mould-retargeted COs :          0  (Phase-2 opt ON)
  CO scorer (ADD) : planned=75 pullfwd=13 retarget=99 dynamic=37 cancelled=5 build_blocked=2
  Demand coverage      :      76.1%  (552,347 / 726,070)
  End-day GT inventory : max 12,306 | mean 10,482 | days>8k 25  (cap ON, fwd-buf ON)

  ── PRIORITY FULFILLMENT (committed-delivery SKUs, EDF order) ──
  SKU                   Demand       Date  Dd CuredByDl  Short  Met Presses EarliestFull
  1325215813079TUNE6     9,576 2026-09-20  17     1,356  8,220    N       4   2026-09-16
  1D25215013008SXC1T    20,769 2026-09-20  17    14,930  5,839    N       7  2026-09-24*
  → 0/2 committed SKUs fully delivered by their deadline.
  [Rolling] BLD_SEED_PIN_D1A: pinned 10/10 seeded Stage-1 machines' Shift-A carcass to their seed (Day-1 Shift-A only; B/C demand-driven)
  [Stage-1 carcass] STAGE1_CO ON: 109,154 carcass units (+1,128 opening) / 110,282 Stage-2 GT across 14 machines; 77 carcass building COs = 6,930 min (no production during CO).
  [Stage-1 carcass] FEASIBLE: Stage-1 supplies 100% of Stage-2 carcass demand (CO-charged, pre-build within 1-day aging).
  [Stage-1 carcass] EOD carcass buffer: max   500 | mean   435 | cap 500 | days>cap 0
  [Stage-1 carcass] S1_INCH_FLEX: 0 machines advanced inch (one-way): []
  [BLD_ALLOW] 134 SKUs from last_building_a_ct.xlsx (rule=ct_present; dropped cols ['6401', '6801'])
  [Stage-1 carcass] shift-cap enforce: 215 row(s) were over their strict per-shift floor cap (residual rounding artifact) -> re-capped; 476 unit(s) unbuildable that day (dropped, display-only): 2026-09-04=6, 2026-09-05=11, 2026-09-06=5, 2026-09-07=46, 2026-09-08=12, 2026-09-09=56, 2026-09-10=10, 2026-09-11=29, 2026-09-12=8, 2026-09-13=11, 2026-09-14=8, 2026-09-15=12, 2026-09-16=49, 2026-09-18=10, 2026-09-19=106, 2026-09-20=10, 2026-09-21=5, 2026-09-22=36, 2026-09-23=8, 2026-09-24=5, 2026-09-25=7, 2026-09-26=8, 2026-09-27=6, 2026-09-28=3, 2026-09-29=6, 2026-09-30=3.
  [Stage-1 carcass] min-qty ≥10: folded 0 sub-10 slice(s) into same-machine-day siblings; dropped 68 unplaceable unit(s) (display-only)
  [PM_MTC] no-overlap: relocated 2 carcass row(s) out of maintenance windows
  [Rolling] Building output → /Users/anmolsaini/Documents/cbc/data/output/variants/bc_building_snap03.xlsx
  [SYNC] dropped 1,723 GT / 1,723 cured to match displayed carcass (GT/carcass/cured now in sync). New cured 550,624 / coverage 75.8%.
  [PM_MTC] no-overlap: relocated 96 curing row(s) out of maintenance windows
  [Rolling] Curing output  → /Users/anmolsaini/Documents/cbc/data/output/variants/bc_curing_snap03.xlsx
RESULT snap03 built=555987 cured=550624 cov=75.84 cos=224 starv=2428
